| Test.js:4:1:4:1 | currentImageFileElement |
| Test.js:4:1:4:1 | deleteImgButton |
| Test.js:4:1:4:1 | otherImageFileElements |
| Test.js:4:1:4:1 | selectedOpacity |
| Test.js:4:38:4:39 | id |
| Test.js:5:7:5:24 | workoutData |
| Test.js:6:7:6:72 | response |
| Test.js:9:9:9:36 | data |
| Test.js:10:9:10:69 | alert |
| Test.js:13:5:13:39 | workoutData |
| Test.js:18:9:18:51 | hasNoImages |
| Test.js:19:9:19:63 | noImageText |
| Test.js:28:9:28:60 | filesDiv |
| Test.js:29:9:29:73 | filesDeleteDiv |
| Test.js:31:11:31:70 | currentImageFileElement |
| Test.js:32:9:32:25 | isFirstImg |
| Test.js:34:9:34:23 | fileCounter |
| Test.js:36:5:36:5 | fileCounter |
| Test.js:36:5:36:5 | isFirstImg |
| Test.js:36:14:36:17 | file |
| Test.js:37:11:37:41 | a |
| Test.js:39:11:39:42 | pathArray |
| Test.js:43:11:45:7 | isImage |
| Test.js:48:13:48:61 | deleteImgButton |
| Test.js:63:13:63:47 | img |
| Test.js:70:13:70:22 | isFirstImg |
| Test.js:72:11:72:28 | isFirstImg |
| Test.js:74:9:74:9 | isFirstImg |
| Test.js:74:9:74:21 | fileCounter |
| Test.js:78:11:78:73 | otherImageFileElements |
| Test.js:79:11:79:31 | selectedOpacity |
| Test.js:97:10:97:10 | workoutData |
